// Jest Snapshot v1, https://goo.gl/fbAQLP

exports[`a página de configuração deve ser renderizada corretamente 1`] = `
<div>
  <div
    class="container"
  >
    <div
      class="container"
    >
      <img
        alt="Logo da página"
        src="logo.png"
      />
      <img
        alt="Foto da participante"
        class="container__participante"
        src="participante.png"
      />
    </div>
    <div
      class="container__infos"
    >
      <form
        class="container"
      >
        <h2
          class="container__titulo"
        >
          Vamos começar!
        </h2>
        <div
          class="container__containerBotoes"
        >
          <input
            class="container__containerBotoes__input"
            placeholder="Insira os nomes dos participantes"
            type="text"
            value=""
          />
          <button
            class="container__containerBotoes__botao"
            disabled=""
          >
            Adicionar
          </button>
        </div>
        
      </form>
      <footer
        class="container"
      >
        <button
          class="container__botao"
          disabled=""
        >
          Iniciar brincadeira!
        </button>
        <img
          alt="Imagem de 2 sacolas verde e azul"
          src="sacolas.png"
        />
      </footer>
    </div>
  </div>
</div>
`;
