// Jest Snapshot v1, https://goo.gl/fbAQLP

exports[`a página de configuração deve ser renderizada corretamente 1`] = `
<div>
  <div
    class="container"
  >
    <img
      alt="Logo da página"
      src="logo.png"
    />
    <img
      alt="Foto da participante"
      class="container__participante"
      src="participante.png"
    />
  </div>
  <form>
    <input
      placeholder="Insira os nomes dos participantes"
      type="text"
      value=""
    />
    <button
      disabled=""
    >
      Adicionar
    </button>
    
  </form>
  <footer>
    <button
      disabled=""
    >
      Iniciar brincadeira!
    </button>
  </footer>
</div>
`;
